SOCKS	135	9351	1
DNP3	408	29403	7

	1	TCP 10.0.0.8:2828 <-> 10.0.0.3:20000 [proto: 244/DNP3][cat: Network/14][60 pkts/4041 bytes <-> 78 pkts/7164 bytes][Goodput ratio: 17.0/38.1][121.83 sec][bytes ratio: -0.279 (Download)][IAT c2s/s2c min/avg/max/stddev: 0/0 420.5/302.2 13044/8439 1925.7/1115.4][Pkt Len c2s/s2c min/avg/max/stddev: 60/60 67.3/91.8 79/145 5.4/37.0]
	2	TCP 10.0.0.9:1080 <-> 10.0.0.3:20000 [proto: 172/SOCKS][cat: Web/5][72 pkts/4659 bytes <-> 63 pkts/4692 bytes][Goodput ratio: 9.8/27.0][384.60 sec][bytes ratio: -0.004 (Mixed)][IAT c2s/s2c min/avg/max/stddev: 0/0 4731.8/3048.6 75028/40127 13787.2/9967.8][Pkt Len c2s/s2c min/avg/max/stddev: 60/62 64.7/74.5 81/147 7.5/16.4]
	3	TCP 10.0.0.8:1086 <-> 10.0.0.3:20000 [proto: 244/DNP3][cat: Network/14][57 pkts/3891 bytes <-> 36 pkts/2760 bytes][Goodput ratio: 16.6/28.0][70.37 sec][bytes ratio: 0.170 (Mixed)][IAT c2s/s2c min/avg/max/stddev: 0/0 1467.0/2685.8 45001/45233 7093.4/9611.2][Pkt Len c2s/s2c min/avg/max/stddev: 60/60 68.3/76.7 81/147 8.3/21.7]
	4	TCP 10.0.0.8:2789 <-> 10.0.0.3:20000 [proto: 244/DNP3][cat: Network/14][24 pkts/1584 bytes <-> 15 pkts/1005 bytes][Goodput ratio: 12.1/15.2][123.54 sec][bytes ratio: 0.224 (Upload)][IAT c2s/s2c min/avg/max/stddev: 0/0 161.9/2.4 2891/21 628.4/6.6][Pkt Len c2s/s2c min/avg/max/stddev: 60/60 66.0/67.0 79/71 7.8/4.9]
	5	TCP 10.0.0.8:2803 <-> 10.0.0.3:20000 [proto: 244/DNP3][cat: Network/14][21 pkts/1374 bytes <-> 18 pkts/1119 bytes][Goodput ratio: 10.5/4.6][25.63 sec][bytes ratio: 0.102 (Mixed)][IAT c2s/s2c min/avg/max/stddev: 0/0 1204.6/2488.3 17203/17487 4072.9/5519.1][Pkt Len c2s/s2c min/avg/max/stddev: 60/60 65.4/62.2 78/71 8.0/4.0]
	6	TCP 10.0.0.9:1084 <-> 10.0.0.3:20000 [proto: 244/DNP3][cat: Network/14][21 pkts/1374 bytes <-> 18 pkts/1119 bytes][Goodput ratio: 10.5/4.6][7.81 sec][bytes ratio: 0.102 (Mixed)][IAT c2s/s2c min/avg/max/stddev: 0/0 343.2/629.6 3672/3963 975.0/1292.5][Pkt Len c2s/s2c min/avg/max/stddev: 60/60 65.4/62.2 78/71 8.0/4.0]
	7	TCP 10.0.0.8:1184 <-> 10.0.0.3:20000 [proto: 244/DNP3][cat: Network/14][21 pkts/1374 bytes <-> 12 pkts/825 bytes][Goodput ratio: 10.5/18.5][12.41 sec][bytes ratio: 0.250 (Upload)][IAT c2s/s2c min/avg/max/stddev: 0/0 697.8/1757.4 9226/9487 2220.1/3301.6][Pkt Len c2s/s2c min/avg/max/stddev: 60/62 65.4/68.8 78/71 8.0/3.9]
	8	TCP 10.0.0.8:1159 <-> 10.0.0.3:20000 [proto: 244/DNP3][cat: Network/14][15 pkts/1014 bytes <-> 12 pkts/759 bytes][Goodput ratio: 14.2/6.7][12.40 sec][bytes ratio: 0.144 (Mixed)][IAT c2s/s2c min/avg/max/stddev: 0/0 245.5/1770.4 2946/9113 814.2/3204.0][Pkt Len c2s/s2c min/avg/max/stddev: 60/60 67.6/63.2 78/71 8.5/4.5]
