DoH_DoT	24	5869	1

JA3 Host Stats: 
		 IP Address                  	 # JA3C     
	1	 192.168.1.185            	 1      


	1	TCP 192.168.1.185:58290 <-> 8.8.8.8:853 [proto: 91.196/TLS.DoH_DoT][cat: Web/5][14 pkts/1480 bytes <-> 10 pkts/4389 bytes][Goodput ratio: 37.0/84.8][3.01 sec][bytes ratio: -0.496 (Download)][IAT c2s/s2c min/avg/max/stddev: 0/0 269.6/181.6 1596/1192 531.3/412.6][Pkt Len c2s/s2c min/avg/max/stddev: 66/66 105.7/438.9 264/3135 52.7/903.0][TLSv1.2][JA3C: 4fe4099926d0acdc9b2fe4b02013659f][Server: dns.google][JA3S: 2b341b88c742e940cfb485ce7d93dde7][Organization: Google LLC][Certificate SHA-1: BE:73:46:2A:2E:FB:A9:E9:42:D0:71:10:1B:8C:BF:44:6A:5D:AD:53][Validity: 2017-06-15 00:00:42 - 2021-12-15 00:00:42][Cipher: TLS_ECDHE_RSA_WITH_CHACHA20_POLY1305_SHA256]
