DoH_DoT	142	20362	1

JA3 Host Stats: 
		 IP Address                  	 # JA3C     
	1	 172.20.10.4              	 1      


	1	TCP 172.20.10.4:49877 <-> 104.16.248.249:443 [proto: 91.196/TLS.DoH_DoT][cat: Network/14][86 pkts/8460 bytes <-> 56 pkts/11902 bytes][Goodput ratio: 44.8/74.5][3.24 sec][bytes ratio: -0.169 (Mixed)][IAT c2s/s2c min/avg/max/stddev: 0/0 25.6/30.8 535/580 86.2/115.4][Pkt Len c2s/s2c min/avg/max/stddev: 54/54 98.4/212.5 571/1354 68.9/257.4][TLSv1.3][Client: mozilla.cloudflare-dns.com][JA3C: f6ce47303dce394049af395fc6d0bc20][JA3S: eb1d94daa7e0344597e756a1fb6e7054][Cipher: TLS_AES_128_GCM_SHA256]
