IEC60870	147	9033	6

	1	TCP 172.27.248.109:1578 <-> 172.27.248.79:2404 [proto: 245/IEC60870][cat: Network/14][28 pkts/1758 bytes <-> 19 pkts/1297 bytes][Goodput ratio: 8.8/20.3][235.18 sec][bytes ratio: 0.151 (Mixed)][IAT c2s/s2c min/avg/max/stddev: 1/4 9105.8/11905.2 32485/32516 10297.2/10287.4][Pkt Len c2s/s2c min/avg/max/stddev: 60/54 62.8/68.3 76/118 4.8/15.2]
	2	TCP 172.27.248.109:1568 <-> 172.27.248.79:2404 [proto: 245/IEC60870][cat: Network/14][17 pkts/1040 bytes <-> 12 pkts/674 bytes][Goodput ratio: 6.6/2.7][160.96 sec][bytes ratio: 0.214 (Upload)][IAT c2s/s2c min/avg/max/stddev: 0/0 9874.4/10028.6 38294/26906 11814.6/8997.2][Pkt Len c2s/s2c min/avg/max/stddev: 60/54 61.2/56.2 68/62 2.2/3.1]
	3	TCP 172.27.248.109:1572 <-> 172.27.248.79:2404 [proto: 245/IEC60870][cat: Network/14][15 pkts/940 bytes <-> 10 pkts/572 bytes][Goodput ratio: 9.1/4.2][191.16 sec][bytes ratio: 0.243 (Upload)][IAT c2s/s2c min/avg/max/stddev: 0/0 12849.7/21995.9 59783/60001 22022.7/25275.8][Pkt Len c2s/s2c min/avg/max/stddev: 60/54 62.7/57.2 76/62 5.2/3.2]
	4	TCP 172.27.248.109:1571 <-> 172.27.248.79:2404 [proto: 245/IEC60870][cat: Network/14][10 pkts/609 bytes <-> 7 pkts/398 bytes][Goodput ratio: 4.9/3.0][102.90 sec][bytes ratio: 0.210 (Upload)][IAT c2s/s2c min/avg/max/stddev: 0/0 8707.9/15094.0 59736/60003 19502.7/25928.3][Pkt Len c2s/s2c min/avg/max/stddev: 60/54 60.9/56.9 67/62 2.1/3.4]
	5	TCP 172.27.248.109:1570 <-> 172.27.248.79:2404 [proto: 245/IEC60870][cat: Network/14][10 pkts/624 bytes <-> 6 pkts/344 bytes][Goodput ratio: 7.4/3.5][92.07 sec][bytes ratio: 0.289 (Upload)][IAT c2s/s2c min/avg/max/stddev: 0/0 11476.9/15000.2 42399/42717 16042.0/17487.9][Pkt Len c2s/s2c min/avg/max/stddev: 60/54 62.4/57.3 72/62 4.4/3.4]
	6	TCP 172.27.248.109:1577 <-> 172.27.248.79:2404 [proto: 245/IEC60870][cat: Network/14][8 pkts/493 bytes <-> 5 pkts/284 bytes][Goodput ratio: 5.7/2.1][36.61 sec][bytes ratio: 0.269 (Upload)][IAT c2s/s2c min/avg/max/stddev: 0/4 6100.3/11100.0 21872/22196 8836.3/11096.0][Pkt Len c2s/s2c min/avg/max/stddev: 60/54 61.6/56.8 71/62 3.6/3.5]
