Unknown	6	7072	1
GMail	413	254874	1
YouTube	85	76193	5
Google	14	10427	3

	1	UDP 192.168.1.109:57833 <-> 216.58.212.101:443 [proto: 188.122/QUIC.GMail][cat: Email/3][161 pkts/23930 bytes <-> 252 pkts/230944 bytes][Goodput ratio: 71.7/95.4][37.93 sec][Host: mail.google.com][bytes ratio: -0.812 (Download)][IAT c2s/s2c min/avg/max/stddev: 0/0 302.6/161.1 21144/21225 1960.2/1485.2][Pkt Len c2s/s2c min/avg/max/stddev: 67/61 148.6/916.4 1392/1392 207.3/580.7][PLAIN TEXT (mail.google.com)]
	2	UDP 192.168.1.109:35236 <-> 216.58.210.206:443 [proto: 188.124/QUIC.YouTube][cat: Media/1][25 pkts/5276 bytes <-> 44 pkts/53157 bytes][Goodput ratio: 80.1/96.5][1.00 sec][Host: www.youtube.com][bytes ratio: -0.819 (Download)][IAT c2s/s2c min/avg/max/stddev: 0/0 51.8/25.7 803/828 182.6/134.1][Pkt Len c2s/s2c min/avg/max/stddev: 79/61 211.0/1208.1 1392/1392 357.7/430.3][PLAIN TEXT (www.youtube.com)]
	3	UDP 192.168.1.105:34438 <-> 216.58.210.238:443 [proto: 188.124/QUIC.YouTube][cat: Media/1][4 pkts/3682 bytes <-> 3 pkts/2863 bytes][Goodput ratio: 95.4/95.6][0.10 sec][Host: www.youtube.com][bytes ratio: 0.125 (Mixed)][IAT c2s/s2c min/avg/max/stddev: 22/20 33.0/10.0 52/20 13.5/10.0][Pkt Len c2s/s2c min/avg/max/stddev: 82/79 920.5/954.3 1392/1392 538.2/619.0][PLAIN TEXT (www.youtube.com)]
	4	UDP 192.168.1.105:40030 <-> 216.58.201.227:443 [proto: 188.126/QUIC.Google][cat: Web/5][3 pkts/2866 bytes <-> 3 pkts/2863 bytes][Goodput ratio: 95.6/95.6][0.10 sec][Host: fonts.gstatic.com][bytes ratio: 0.001 (Mixed)][IAT c2s/s2c min/avg/max/stddev: 25/21 49.5/10.5 74/21 24.5/10.5][Pkt Len c2s/s2c min/avg/max/stddev: 82/79 955.3/954.3 1392/1392 617.5/619.0][PLAIN TEXT (fonts.gstatic.com)]
	5	UDP 192.168.1.105:55934 <-> 216.58.201.238:443 [proto: 188.124/QUIC.YouTube][cat: Media/1][2 pkts/2784 bytes <-> 2 pkts/2784 bytes][Goodput ratio: 96.9/96.9][0.09 sec][Host: s.ytimg.com][PLAIN TEXT (s.ytimg.com)]
	6	UDP 192.168.1.105:45669 <-> 172.217.16.4:443 [proto: 188.126/QUIC.Google][cat: Web/5][3 pkts/1550 bytes <-> 2 pkts/2784 bytes][Goodput ratio: 91.8/96.9][0.16 sec][Host: www.google.com][PLAIN TEXT (www.google.comO)]
	7	UDP 192.168.1.105:48445 <-> 216.58.214.110:443 [proto: 188.124/QUIC.YouTube][cat: Media/1][2 pkts/1471 bytes <-> 1 pkts/1392 bytes][Goodput ratio: 94.2/96.9][0.10 sec][Host: i.ytimg.com][PLAIN TEXT (i.ytimg.com)]
	8	UDP 192.168.1.105:53817 <-> 216.58.210.225:443 [proto: 188.124/QUIC.YouTube][cat: Media/1][1 pkts/1392 bytes <-> 1 pkts/1392 bytes][Goodput ratio: 96.9/96.9][0.08 sec][Host: yt3.ggpht.com][PLAIN TEXT (yt3.ggpht.com)]
	9	UDP 192.168.1.105:40461 <-> 172.217.16.3:443 [proto: 188.126/QUIC.Google][cat: Web/5][2 pkts/241 bytes <-> 1 pkts/123 bytes][Goodput ratio: 64.9/65.3][0.09 sec]


Undetected flows:
	1	UDP 10.0.0.4:40134 -> 10.0.0.3:6121 [proto: 0/Unknown][6 pkts/7072 bytes -> 0 pkts/0 bytes][Goodput ratio: 96.4/0.0][4.00 sec][bytes ratio: 1.000 (Upload)][IAT c2s/s2c min/avg/max/stddev: 150/0 799.8/0.0 1749/0 595.5/0.0][Pkt Len c2s/s2c min/avg/max/stddev: 112/0 1178.7/0.0 1392/0 477.0/0.0]
