HTTP	94	30008	9

	1	TCP 172.16.0.1:36212 <-> 192.168.10.50:80 [proto: 7/HTTP][cat: Web/5][7 pkts/1070 bytes <-> 5 pkts/4487 bytes][Goodput ratio: 56.0/92.4][5.01 sec][Host: 205.174.165.68][bytes ratio: -0.615 (Download)][IAT c2s/s2c min/avg/max/stddev: 0/0 1002.2/3.3 5000/10 1998.9/4.7][Pkt Len c2s/s2c min/avg/max/stddev: 66/66 152.9/897.4 666/2767 209.5/1089.6][URL: 205.174.165.68/dv/vulnerabilities/sqli/?id=1%27+and+1%3D1+union+select+null%2C+table_name+from+information_schema.tables%23&Submit=Submit ** SQL Injection **][StatusCode: 200][ContentType: text/html][UserAgent: Mozilla/5.0 (X11; Linux x86_64; rv:45.0) Gecko/20100101 Firefox/45.0][PLAIN TEXT (GET /dv/vulnerabilities/sqli/)]
	2	TCP 172.16.0.1:36202 <-> 192.168.10.50:80 [proto: 7/HTTP][cat: Web/5][6 pkts/1004 bytes <-> 5 pkts/4487 bytes][Goodput ratio: 59.7/92.4][5.09 sec][Host: 205.174.165.68][bytes ratio: -0.634 (Download)][IAT c2s/s2c min/avg/max/stddev: 0/80 1017.0/40.0 5004/80 1993.7/40.0][Pkt Len c2s/s2c min/avg/max/stddev: 66/66 167.3/897.4 666/4215 223.0/1658.8][URL: 205.174.165.68/dv/vulnerabilities/sqli/?id=1%27+and+1%3D1+union+select+null%2C+table_name+from+information_schema.tables%23&Submit=Submit ** SQL Injection **][StatusCode: 200][ContentType: text/html][UserAgent: Mozilla/5.0 (X11; Linux x86_64; rv:45.0) Gecko/20100101 Firefox/45.0][PLAIN TEXT (GET /dv/vulnerabilities/sqli/)]
	3	TCP 172.16.0.1:36204 <-> 192.168.10.50:80 [proto: 7/HTTP][cat: Web/5][5 pkts/937 bytes <-> 5 pkts/2359 bytes][Goodput ratio: 63.9/85.6][5.01 sec][Host: 205.174.165.68][bytes ratio: -0.431 (Download)][IAT c2s/s2c min/avg/max/stddev: 5/0 1251.2/1.3 5000/4 2164.3/1.9][Pkt Len c2s/s2c min/avg/max/stddev: 66/66 187.4/471.8 665/2087 238.8/807.6][URL: 205.174.165.68/dv/vulnerabilities/sqli/?id=1%27+and+1%3D1+union+select+user%2C+password+from+users%23&Submit=Submit ** SQL Injection **][StatusCode: 200][ContentType: text/html][UserAgent: Mozilla/5.0 (X11; Linux x86_64; rv:45.0) Gecko/20100101 Firefox/45.0][PLAIN TEXT (GET /dv/vulnerabilities/sqli/)]
	4	TCP 172.16.0.1:36200 <-> 192.168.10.50:80 [proto: 7/HTTP][cat: Web/5][5 pkts/875 bytes <-> 5 pkts/2219 bytes][Goodput ratio: 61.3/84.7][5.04 sec][Host: 205.174.165.68][bytes ratio: -0.434 (Download)][IAT c2s/s2c min/avg/max/stddev: 33/0 1259.2/10.7 5004/32 2162.1/15.1][Pkt Len c2s/s2c min/avg/max/stddev: 66/66 175.0/443.8 603/1947 214.0/751.6][URL: 205.174.165.68/dv/vulnerabilities/sqli/?id=1%27+and+1%3D1+union+select+database%28%29%2C+user%28%29%23&Submit=Submit ** SQL Injection **][StatusCode: 200][ContentType: text/html][UserAgent: Mozilla/5.0 (X11; Linux x86_64; rv:45.0) Gecko/20100101 Firefox/45.0][PLAIN TEXT (GET /dv/vulnerabilities/sqli/)]
	5	TCP 172.16.0.1:36210 <-> 192.168.10.50:80 [proto: 7/HTTP][cat: Web/5][6 pkts/941 bytes <-> 4 pkts/2153 bytes][Goodput ratio: 57.0/87.3][5.01 sec][Host: 205.174.165.68][bytes ratio: -0.392 (Download)][IAT c2s/s2c min/avg/max/stddev: 0/5 1001.0/2.5 5000/5 1999.5/2.5][Pkt Len c2s/s2c min/avg/max/stddev: 66/66 156.8/538.2 603/1947 199.6/813.3][URL: 205.174.165.68/dv/vulnerabilities/sqli/?id=1%27+and+1%3D1+union+select+database%28%29%2C+user%28%29%23&Submit=Submit ** SQL Injection **][StatusCode: 200][ContentType: text/html][UserAgent: Mozilla/5.0 (X11; Linux x86_64; rv:45.0) Gecko/20100101 Firefox/45.0][PLAIN TEXT (GET /dv/vulnerabilities/sqli/)]
	6	TCP 172.16.0.1:36208 <-> 192.168.10.50:80 [proto: 7/HTTP][cat: Web/5][5 pkts/874 bytes <-> 5 pkts/2178 bytes][Goodput ratio: 61.3/84.4][5.01 sec][Host: 205.174.165.68][bytes ratio: -0.427 (Download)][IAT c2s/s2c min/avg/max/stddev: 4/0 1252.2/1.0 5005/3 2166.7/1.4][Pkt Len c2s/s2c min/avg/max/stddev: 66/66 174.8/435.6 602/1906 213.6/735.2][URL: 205.174.165.68/dv/vulnerabilities/sqli/?id=1%27+and+1%3D1%23&Submit=Submit][StatusCode: 200][ContentType: text/html][UserAgent: Mozilla/5.0 (X11; Linux x86_64; rv:45.0) Gecko/20100101 Firefox/45.0][PLAIN TEXT (GET /dv/vulnerabilities/sqli/)]
	7	TCP 172.16.0.1:36198 <-> 192.168.10.50:80 [proto: 7/HTTP][cat: Web/5][5 pkts/798 bytes <-> 5 pkts/2178 bytes][Goodput ratio: 57.6/84.4][5.07 sec][Host: 205.174.165.68][bytes ratio: -0.464 (Download)][IAT c2s/s2c min/avg/max/stddev: 68/0 1267.2/22.3 5001/67 2155.9/31.6][Pkt Len c2s/s2c min/avg/max/stddev: 66/66 159.6/435.6 526/1906 183.2/735.2][URL: 205.174.165.68/dv/vulnerabilities/sqli/?id=1%27+and+1%3D1%23&Submit=Submit][StatusCode: 200][ContentType: text/html][UserAgent: Mozilla/5.0 (X11; Linux x86_64; rv:45.0) Gecko/20100101 Firefox/45.0][PLAIN TEXT (GET /dv/vulnerabilities/sqli/)]
	8	TCP 172.16.0.1:36206 <-> 192.168.10.50:80 [proto: 7/HTTP][cat: Web/5][5 pkts/861 bytes <-> 5 pkts/868 bytes][Goodput ratio: 60.7/61.0][5.01 sec][Host: 205.174.165.68][bytes ratio: -0.004 (Mixed)][IAT c2s/s2c min/avg/max/stddev: 3/0 1252.0/0.7 5005/2 2166.8/0.9][Pkt Len c2s/s2c min/avg/max/stddev: 66/66 172.2/173.6 589/596 208.4/211.2][URL: 205.174.165.68/dv/vulnerabilities/sqli/?id=1%27&Submit=Submit][StatusCode: 200][ContentType: text/html][UserAgent: Mozilla/5.0 (X11; Linux x86_64; rv:45.0) Gecko/20100101 Firefox/45.0][PLAIN TEXT (GET /dv/vulnerabilities/sqli/)]
	9	TCP 172.16.0.1:36196 <-> 192.168.10.50:80 [proto: 7/HTTP][cat: Web/5][6 pkts/851 bytes <-> 5 pkts/868 bytes][Goodput ratio: 52.5/61.0][5.01 sec][Host: 205.174.165.68][bytes ratio: -0.010 (Mixed)][IAT c2s/s2c min/avg/max/stddev: 0/0 1251.2/1.3 5000/3 2164.3/1.2][Pkt Len c2s/s2c min/avg/max/stddev: 66/66 141.8/173.6 513/596 166.0/211.2][URL: 205.174.165.68/dv/vulnerabilities/sqli/?id=1%27&Submit=Submit][StatusCode: 200][ContentType: text/html][UserAgent: Mozilla/5.0 (X11; Linux x86_64; rv:45.0) Gecko/20100101 Firefox/45.0][PLAIN TEXT (GET /dv/vulnerabilities/sqli/)]
