DNS	10	1059	5
HTTP	19	2275	5
TLS	15	1234	10
Google	33	4778	7
Amazon	2	132	1
Sina(Weibo)	419	258077	16

JA3 Host Stats: 
		 IP Address                  	 # JA3C     
	1	 192.168.1.105            	 1      


	1	TCP 192.168.1.105:35803 <-> 93.188.134.246:80 [proto: 7.200/HTTP.Sina(Weibo)][cat: SocialNetwork/6][52 pkts/5367 bytes <-> 54 pkts/71536 bytes][Goodput ratio: 32.8/95.0][1.44 sec][Host: img.t.sinajs.cn][bytes ratio: -0.860 (Download)][IAT c2s/s2c min/avg/max/stddev: 0/0 29.0/29.3 400/372 66.4/64.0][Pkt Len c2s/s2c min/avg/max/stddev: 66/66 103.2/1324.7 533/4374 116.5/822.8][URL: img.t.sinajs.cn/t6/style/css/module/base/frame.css?version=201605130537][StatusCode: 200][ContentType: text/css][UserAgent: Mozilla/5.0 (X11; Linux x86_64) AppleWebKit/537.36 (KHTML, like Gecko) Chrome/50.0.2661.102 Safari/537.36][PLAIN TEXT (GET /t6/style/css/module/base/f)]
	2	TCP 192.168.1.105:35804 <-> 93.188.134.246:80 [proto: 7.200/HTTP.Sina(Weibo)][cat: SocialNetwork/6][32 pkts/3624 bytes <-> 40 pkts/50657 bytes][Goodput ratio: 37.8/94.8][1.33 sec][Host: img.t.sinajs.cn][bytes ratio: -0.866 (Download)][IAT c2s/s2c min/avg/max/stddev: 0/0 47.7/38.7 314/338 88.7/81.6][Pkt Len c2s/s2c min/avg/max/stddev: 66/66 113.2/1266.4 549/2938 132.2/620.2][URL: img.t.sinajs.cn/t6/style/css/module/combination/comb_login.css?version=201605130537][StatusCode: 200][ContentType: text/css][UserAgent: Mozilla/5.0 (X11; Linux x86_64) AppleWebKit/537.36 (KHTML, like Gecko) Chrome/50.0.2661.102 Safari/537.36][PLAIN TEXT (GET /t6/style/css/module/combin)]
	3	TCP 192.168.1.105:51698 <-> 93.188.134.137:80 [proto: 7.200/HTTP.Sina(Weibo)][cat: SocialNetwork/6][40 pkts/3462 bytes <-> 39 pkts/34030 bytes][Goodput ratio: 13.0/92.4][0.82 sec][Host: www.weibo.com][bytes ratio: -0.815 (Download)][IAT c2s/s2c min/avg/max/stddev: 0/0 24.9/22.7 482/454 83.8/80.1][Pkt Len c2s/s2c min/avg/max/stddev: 66/66 86.6/872.6 516/2938 69.2/915.2][URL: www.weibo.com/login.php?lang=en-us][StatusCode: 200][ContentType: text/html][UserAgent: Mozilla/5.0 (X11; Linux x86_64) AppleWebKit/537.36 (KHTML, like Gecko) Chrome/50.0.2661.102 Safari/537.36][PLAIN TEXT (GET /login.php)]
	4	TCP 192.168.1.105:35807 <-> 93.188.134.246:80 [proto: 7.200/HTTP.Sina(Weibo)][cat: SocialNetwork/6][27 pkts/2298 bytes <-> 26 pkts/34170 bytes][Goodput ratio: 21.1/95.0][0.53 sec][Host: img.t.sinajs.cn][bytes ratio: -0.874 (Download)][IAT c2s/s2c min/avg/max/stddev: 0/2 23.0/21.8 183/162 50.2/47.0][Pkt Len c2s/s2c min/avg/max/stddev: 66/66 85.1/1314.2 550/1502 91.2/448.1][URL: img.t.sinajs.cn/t6/style/images/growth/login/sprite_login.png?13434210384389][StatusCode: 200][ContentType: image/png][UserAgent: Mozilla/5.0 (X11; Linux x86_64) AppleWebKit/537.36 (KHTML, like Gecko) Chrome/50.0.2661.102 Safari/537.36][PLAIN TEXT (GET /t6/style/images/growth/log)]
	5	TCP 192.168.1.105:35805 <-> 93.188.134.246:80 [proto: 7.200/HTTP.Sina(Weibo)][cat: SocialNetwork/6][21 pkts/2323 bytes <-> 20 pkts/20922 bytes][Goodput ratio: 37.4/93.6][1.37 sec][Host: img.t.sinajs.cn][bytes ratio: -0.800 (Download)][IAT c2s/s2c min/avg/max/stddev: 0/2 71.8/74.7 375/438 115.7/123.1][Pkt Len c2s/s2c min/avg/max/stddev: 66/66 110.6/1046.1 525/1502 126.8/556.9][URL: img.t.sinajs.cn/t6/skin/default/skin.css?version=201605130537][StatusCode: 200][ContentType: text/css][UserAgent: Mozilla/5.0 (X11; Linux x86_64) AppleWebKit/537.36 (KHTML, like Gecko) Chrome/50.0.2661.102 Safari/537.36][PLAIN TEXT (GET /t6/skin/default/skin.css)]
	6	TCP 192.168.1.105:35809 <-> 93.188.134.246:80 [proto: 7.200/HTTP.Sina(Weibo)][cat: SocialNetwork/6][18 pkts/1681 bytes <-> 17 pkts/20680 bytes][Goodput ratio: 28.1/94.5][0.56 sec][Host: img.t.sinajs.cn][bytes ratio: -0.850 (Download)][IAT c2s/s2c min/avg/max/stddev: 0/2 32.1/37.9 252/181 64.0/50.6][Pkt Len c2s/s2c min/avg/max/stddev: 66/66 93.4/1216.5 539/1502 108.1/525.5][URL: img.t.sinajs.cn/t6/style/images/common/font/wbficon.woff?id=201605111746][StatusCode: 200][ContentType: application/x-font-woff][UserAgent: Mozilla/5.0 (X11; Linux x86_64) AppleWebKit/537.36 (KHTML, like Gecko) Chrome/50.0.2661.102 Safari/537.36][PLAIN TEXT (GET /t6/style/images/common/fon)]
	7	TCP 192.168.1.105:35806 <-> 93.188.134.246:80 [proto: 7.200/HTTP.Sina(Weibo)][cat: SocialNetwork/6][7 pkts/946 bytes <-> 6 pkts/3755 bytes][Goodput ratio: 49.0/89.2][0.23 sec][Host: img.t.sinajs.cn][bytes ratio: -0.598 (Download)][IAT c2s/s2c min/avg/max/stddev: 0/1 45.4/41.5 163/160 63.4/68.4][Pkt Len c2s/s2c min/avg/max/stddev: 66/66 135.1/625.8 530/1502 161.3/505.1][URL: img.t.sinajs.cn/t6/style/images/global_nav/WB_logo_b.png][StatusCode: 200][ContentType: image/png][UserAgent: Mozilla/5.0 (X11; Linux x86_64) AppleWebKit/537.36 (KHTML, like Gecko) Chrome/50.0.2661.102 Safari/537.36][PLAIN TEXT (GET /t6/style/images/global)]
	8	UDP 192.168.1.105:53656 <-> 216.58.210.227:443 [proto: 188.126/QUIC.Google][cat: Web/5][8 pkts/1301 bytes <-> 6 pkts/873 bytes][Goodput ratio: 74.1/71.1][1.60 sec][bytes ratio: 0.197 (Mixed)][IAT c2s/s2c min/avg/max/stddev: 76/2 266.5/14.2 1385/29 502.8/13.3][Pkt Len c2s/s2c min/avg/max/stddev: 67/74 162.6/145.5 406/433 122.4/129.3]
	9	UDP 216.58.210.14:443 <-> 192.168.1.105:49361 [proto: 188.126/QUIC.Google][cat: Web/5][5 pkts/963 bytes <-> 4 pkts/981 bytes][Goodput ratio: 78.1/82.8][0.69 sec][bytes ratio: -0.009 (Mixed)][IAT c2s/s2c min/avg/max/stddev: 0/0 171.2/228.0 626/662 263.7/307.0][Pkt Len c2s/s2c min/avg/max/stddev: 77/85 192.6/245.2 353/660 93.4/241.0]
	10	TCP 192.168.1.105:59119 <-> 114.134.80.162:80 [proto: 7/HTTP][cat: Web/5][5 pkts/736 bytes <-> 4 pkts/863 bytes][Goodput ratio: 60.5/73.5][1.05 sec][Host: weibo.com][bytes ratio: -0.079 (Mixed)][IAT c2s/s2c min/avg/max/stddev: 0/347 175.8/347.5 353/348 174.3/0.5][Pkt Len c2s/s2c min/avg/max/stddev: 54/54 147.2/215.8 500/689 176.6/273.3][URL: weibo.com/login.php?lang=en-us][StatusCode: 301][ContentType: text/html][UserAgent: Mozilla/5.0 (X11; Linux x86_64) AppleWebKit/537.36 (KHTML, like Gecko) Chrome/50.0.2661.102 Safari/537.36][PLAIN TEXT (GET /login.php)]
	11	TCP 192.168.1.105:35811 <-> 93.188.134.246:80 [proto: 7.200/HTTP.Sina(Weibo)][cat: SocialNetwork/6][3 pkts/604 bytes <-> 2 pkts/140 bytes][Goodput ratio: 65.8/0.0][0.46 sec][Host: js.t.sinajs.cn][URL: js.t.sinajs.cn/t5/register/js/v6/pl/base.js?version=201605130537][StatusCode: 0][ContentType: ][UserAgent: Mozilla/5.0 (X11; Linux x86_64) AppleWebKit/537.36 (KHTML, like Gecko) Chrome/50.0.2661.102 Safari/537.36][PLAIN TEXT (KGET /t)]
	12	TCP 192.168.1.105:42275 <-> 222.73.28.96:80 [proto: 7.200/HTTP.Sina(Weibo)][cat: SocialNetwork/6][3 pkts/610 bytes <-> 1 pkts/66 bytes][Goodput ratio: 70.0/0.0][0.38 sec][Host: u1.img.mobile.sina.cn][URL: u1.img.mobile.sina.cn/public/files/image/620x300_img5653d57c6dab2.png][StatusCode: 0][ContentType: ][UserAgent: Mozilla/5.0 (X11; Linux x86_64) AppleWebKit/537.36 (KHTML, like Gecko) Chrome/50.0.2661.102 Safari/537.36][PLAIN TEXT (GET /public/files/image/620)]
	13	TCP 192.168.1.105:50827 <-> 47.89.65.229:443 [proto: 91/TLS][cat: Web/5][3 pkts/382 bytes <-> 1 pkts/66 bytes][Goodput ratio: 52.2/0.0][0.16 sec][TLSv1][Client: g.alicdn.com][JA3C: 58e7f64db6e4fe4941dd9691d421196c][PLAIN TEXT (g.alicdn.com)]
	14	UDP 192.168.1.105:53543 <-> 192.168.1.1:53 [proto: 5.200/DNS.Sina(Weibo)][cat: SocialNetwork/6][1 pkts/75 bytes <-> 1 pkts/191 bytes][Goodput ratio: 43.4/77.6][0.11 sec][Host: img.t.sinajs.cn]
	15	UDP 192.168.1.105:41352 <-> 192.168.1.1:53 [proto: 5.200/DNS.Sina(Weibo)][cat: SocialNetwork/6][1 pkts/74 bytes <-> 1 pkts/190 bytes][Goodput ratio: 42.7/77.5][0.54 sec][Host: js.t.sinajs.cn]
	16	UDP 192.168.1.105:51440 <-> 192.168.1.1:53 [proto: 5/DNS][cat: Network/14][1 pkts/72 bytes <-> 1 pkts/171 bytes][Goodput ratio: 41.1/75.0][0.19 sec][Host: g.alicdn.com][PLAIN TEXT (alicdn)]
	17	UDP 192.168.1.105:33822 <-> 192.168.1.1:53 [proto: 5/DNS][cat: Network/14][1 pkts/76 bytes <-> 1 pkts/166 bytes][Goodput ratio: 44.2/74.3][0.47 sec][Host: login.taobao.com][PLAIN TEXT (taobao)]
	18	UDP 192.168.1.105:18035 <-> 192.168.1.1:53 [proto: 5.200/DNS.Sina(Weibo)][cat: SocialNetwork/6][1 pkts/81 bytes <-> 1 pkts/159 bytes][Goodput ratio: 47.6/73.1][0.11 sec][Host: u1.img.mobile.sina.cn][PLAIN TEXT (mobile)]
	19	UDP 192.168.1.105:50640 <-> 192.168.1.1:53 [proto: 5/DNS][cat: Network/14][1 pkts/77 bytes <-> 1 pkts/157 bytes][Goodput ratio: 44.9/72.8][0.47 sec][Host: acjstb.aliyun.com][PLAIN TEXT (alibabadns)]
	20	UDP 192.168.1.105:7148 <-> 192.168.1.1:53 [proto: 5.200/DNS.Sina(Weibo)][cat: SocialNetwork/6][1 pkts/73 bytes <-> 1 pkts/142 bytes][Goodput ratio: 41.9/69.9][0.06 sec][Host: www.weibo.com]
	21	TCP 192.168.1.105:35808 <-> 93.188.134.246:80 [proto: 7/HTTP][cat: Web/5][2 pkts/140 bytes <-> 1 pkts/74 bytes][Goodput ratio: 0.0/0.0][0.06 sec]
	22	TCP 192.168.1.105:50831 <-> 47.89.65.229:443 [proto: 91/TLS][cat: Web/5][2 pkts/128 bytes <-> 1 pkts/66 bytes][Goodput ratio: 0.0/0.0][0.22 sec]
	23	TCP 192.168.1.105:59120 <-> 114.134.80.162:80 [proto: 7/HTTP][cat: Web/5][2 pkts/128 bytes <-> 1 pkts/66 bytes][Goodput ratio: 0.0/0.0][0.36 sec]
	24	TCP 192.168.1.105:59121 <-> 114.134.80.162:80 [proto: 7/HTTP][cat: Web/5][2 pkts/128 bytes <-> 1 pkts/66 bytes][Goodput ratio: 0.0/0.0][0.34 sec]
	25	UDP 192.168.1.105:53466 <-> 192.168.1.1:53 [proto: 5/DNS][cat: Network/14][1 pkts/74 bytes <-> 1 pkts/112 bytes][Goodput ratio: 42.7/61.9][0.20 sec][Host: log.mmstat.com][PLAIN TEXT (mmstat)]
	26	UDP 192.168.1.105:54988 <-> 192.168.1.1:53 [proto: 5/DNS][cat: Network/14][1 pkts/69 bytes <-> 1 pkts/85 bytes][Goodput ratio: 38.6/50.0][0.08 sec][Host: weibo.com]
	27	TCP 192.168.1.105:34699 <-> 216.58.212.65:443 [proto: 91.126/TLS.Google][cat: Web/5][1 pkts/66 bytes <-> 1 pkts/66 bytes][Goodput ratio: 0.0/0.0][0.02 sec]
	28	TCP 192.168.1.105:35154 <-> 216.58.210.206:443 [proto: 91.126/TLS.Google][cat: Web/5][1 pkts/66 bytes <-> 1 pkts/66 bytes][Goodput ratio: 0.0/0.0][0.05 sec]
	29	TCP 192.168.1.105:37802 <-> 216.58.212.69:443 [proto: 91.126/TLS.Google][cat: Web/5][1 pkts/66 bytes <-> 1 pkts/66 bytes][Goodput ratio: 0.0/0.0][0.03 sec]
	30	TCP 192.168.1.105:40440 <-> 54.225.163.210:443 [proto: 91.178/TLS.Amazon][cat: Web/5][1 pkts/66 bytes <-> 1 pkts/66 bytes][Goodput ratio: 0.0/0.0][0.14 sec]
	31	TCP 192.168.1.105:58480 <-> 216.58.214.78:443 [proto: 91.126/TLS.Google][cat: Web/5][1 pkts/66 bytes <-> 1 pkts/66 bytes][Goodput ratio: 0.0/0.0][0.04 sec]
	32	TCP 192.168.1.105:58481 <-> 216.58.214.78:443 [proto: 91.126/TLS.Google][cat: Web/5][1 pkts/66 bytes <-> 1 pkts/66 bytes][Goodput ratio: 0.0/0.0][0.05 sec]
	33	UDP 192.168.1.105:11798 -> 192.168.1.1:53 [proto: 5.200/DNS.Sina(Weibo)][cat: SocialNetwork/6][1 pkts/77 bytes -> 0 pkts/0 bytes][Goodput ratio: 44.9/0.0][< 1 sec][Host: account.weibo.com][PLAIN TEXT (account)]
	34	TCP 192.168.1.105:42280 -> 222.73.28.96:80 [proto: 7/HTTP][cat: Web/5][1 pkts/74 bytes -> 0 pkts/0 bytes][Goodput ratio: 0.0/0.0][< 1 sec]
	35	TCP 192.168.1.105:47721 -> 140.205.170.63:443 [proto: 91/TLS][cat: Web/5][1 pkts/74 bytes -> 0 pkts/0 bytes][Goodput ratio: 0.0/0.0][< 1 sec]
	36	TCP 192.168.1.105:47723 -> 140.205.170.63:443 [proto: 91/TLS][cat: Web/5][1 pkts/74 bytes -> 0 pkts/0 bytes][Goodput ratio: 0.0/0.0][< 1 sec]
	37	TCP 192.168.1.105:48352 -> 140.205.174.1:443 [proto: 91/TLS][cat: Web/5][1 pkts/74 bytes -> 0 pkts/0 bytes][Goodput ratio: 0.0/0.0][< 1 sec]
	38	TCP 192.168.1.105:48353 -> 140.205.174.1:443 [proto: 91/TLS][cat: Web/5][1 pkts/74 bytes -> 0 pkts/0 bytes][Goodput ratio: 0.0/0.0][< 1 sec]
	39	TCP 192.168.1.105:48356 -> 140.205.174.1:443 [proto: 91/TLS][cat: Web/5][1 pkts/74 bytes -> 0 pkts/0 bytes][Goodput ratio: 0.0/0.0][< 1 sec]
	40	TCP 192.168.1.105:52271 -> 42.156.184.19:443 [proto: 91/TLS][cat: Web/5][1 pkts/74 bytes -> 0 pkts/0 bytes][Goodput ratio: 0.0/0.0][< 1 sec]
	41	TCP 192.168.1.105:52272 -> 42.156.184.19:443 [proto: 91/TLS][cat: Web/5][1 pkts/74 bytes -> 0 pkts/0 bytes][Goodput ratio: 0.0/0.0][< 1 sec]
	42	TCP 192.168.1.105:52274 -> 42.156.184.19:443 [proto: 91/TLS][cat: Web/5][1 pkts/74 bytes -> 0 pkts/0 bytes][Goodput ratio: 0.0/0.0][< 1 sec]
	43	UDP 192.168.1.105:50533 -> 192.168.1.1:53 [proto: 5.200/DNS.Sina(Weibo)][cat: SocialNetwork/6][1 pkts/74 bytes -> 0 pkts/0 bytes][Goodput ratio: 42.7/0.0][< 1 sec][Host: data.weibo.com]
	44	UDP 192.168.1.105:16804 -> 192.168.1.1:53 [proto: 5.200/DNS.Sina(Weibo)][cat: SocialNetwork/6][1 pkts/70 bytes -> 0 pkts/0 bytes][Goodput ratio: 39.4/0.0][< 1 sec][Host: c.weibo.cn]
